// Jest Snapshot v1, https://goo.gl/fbAQLP

exports[`Error screen renders correctly 1`] = `
Array [
  <div
    className="header-container"
  >
    <p
      className="header"
    >
      Hacker News
    </p>
  </div>,
  <div
    className="container"
  >
    <div
      className="load"
    >
      <h1>
        
      </h1>
      <a
        href="/"
        onClick={[Function]}
      >
        Return to main page
      </a>
    </div>
  </div>,
]
`;
