// Jest Snapshot v1, https://goo.gl/fbAQLP

exports[`Page header renders correctly on article page screen 1`] = `
<div
  className="header-container"
>
  <p
    className="header"
  >
    Hacker News
  </p>
</div>
`;

exports[`Page header renders correctly on main page screen 1`] = `
<div
  className="header-container"
>
  <p
    className="header"
  >
    Hacker News
  </p>
</div>
`;
